###############################################################################
#                                                                             #
# IAR C/C++ Compiler V8.10.3.10338/W32 for 8051         11/May/2014  19:00:55 #
# Copyright 2004-2011 IAR Systems AB.                                         #
#                                                                             #
#    Core               =  plain                                              #
#    Code model         =  banked                                             #
#    Data model         =  large                                              #
#    Calling convention =  xdata reentrant                                    #
#    Constant location  =  data_rom                                           #
#    Dptr setup         =  1,16                                               #
#    Source file        =  H:\zigbeesrc\8.ÎŞÏß´«¸ĞÆ÷ÍøÂç£¨×Ô×éÍøÓëÊı¾İ´«Êä£©\ #
#                          8.ÎŞÏß´«¸ĞÆ÷ÍøÂç£¨×Ô×éÍøÓëÊı¾İ´«Êä£©\Projects\zsta #
#                          ck\Samples\ÎŞÏß´«¸ĞÆ÷ÍøÂç£¨×Ô×éÍø£©\Source\AD_samp #
#                          le.c                                               #
#    Command line       =  -f H:\zigbeesrc\8.ÎŞÏß´«¸ĞÆ÷ÍøÂç£¨×Ô×éÍøÓëÊı¾İ´«Êä #
#                          £©\8.ÎŞÏß´«¸ĞÆ÷ÍøÂç£¨×Ô×éÍøÓëÊı¾İ´«Êä£©\Projects\z #
#                          stack\Samples\ÎŞÏß´«¸ĞÆ÷ÍøÂç£¨×Ô×éÍø£©\CC2530DB\.. #
#                          \..\..\Tools\CC2530DB\f8wEndev.cfg (-DCPU32MHZ     #
#                          -DROOT=__near_func -DBLINK_LEDS) -f                #
#                          H:\zigbeesrc\8.ÎŞÏß´«¸ĞÆ÷ÍøÂç£¨×Ô×éÍøÓëÊı¾İ´«Êä£©\ #
#                          8.ÎŞÏß´«¸ĞÆ÷ÍøÂç£¨×Ô×éÍøÓëÊı¾İ´«Êä£©\Projects\zsta #
#                          ck\Samples\ÎŞÏß´«¸ĞÆ÷ÍøÂç£¨×Ô×éÍø£©\CC2530DB\..\.. #
#                          \..\Tools\CC2530DB\f8wConfig.cfg (-DSECURE=0       #
#                          -DZG_SECURE_DYNAMIC=0 -DREFLECTOR                  #
#                          -DDEFAULT_CHANLIST=0x00000800                      #
#                          -DZDAPP_CONFIG_PAN_ID=0xFFF0                       #
#                          -DNWK_START_DELAY=100 -DEXTENDED_JOINING_RANDOM_MA #
#                          SK=0x007F -DBEACON_REQUEST_DELAY=100               #
#                          -DBEACON_REQ_DELAY_MASK=0x00FF                     #
#                          -DROUTE_EXPIRY_TIME=30 -DAPSC_ACK_WAIT_DURATION_PO #
#                          LLED=3000 -DNWK_INDIRECT_MSG_TIMEOUT=7             #
#                          -DMAX_RREQ_ENTRIES=8 -DAPSC_MAX_FRAME_RETRIES=3    #
#                          -DNWK_MAX_DATA_RETRIES=2                           #
#                          -DMAX_POLL_FAILURE_RETRIES=2 -DMAX_BCAST=9         #
#                          -DAPS_MAX_GROUPS=16 -DMAX_RTG_ENTRIES=40           #
#                          -DNWK_MAX_BINDING_ENTRIES=4                        #
#                          -DMAX_BINDING_CLUSTER_IDS=4 "-DDEFAULT_KEY={0x01,  #
#                          0x03, 0x05, 0x07, 0x09, 0x0B, 0x0D, 0x0F, 0x00,    #
#                          0x02, 0x04, 0x06, 0x08, 0x0A, 0x0C, 0x0D}"         #
#                          -DMAC_MAX_FRAME_SIZE=116 "-DCONST=const __code"    #
#                          -DGENERIC=__generic -DRFD_RCVC_ALWAYS_ON=FALSE     #
#                          -DPOLL_RATE=1000 -DQUEUED_POLL_RATE=100            #
#                          -DRESPONSE_POLL_RATE=100) -DREJOIN_POLL_RATE=440   #
#                          H:\zigbeesrc\8.ÎŞÏß´«¸ĞÆ÷ÍøÂç£¨×Ô×éÍøÓëÊı¾İ´«Êä£©\ #
#                          8.ÎŞÏß´«¸ĞÆ÷ÍøÂç£¨×Ô×éÍøÓëÊı¾İ´«Êä£©\Projects\zsta #
#                          ck\Samples\ÎŞÏß´«¸ĞÆ÷ÍøÂç£¨×Ô×éÍø£©\Source\AD_samp #
#                          le.c -D ZIGBEEPRO -D NWK_AUTO_POLL -D ZTOOL_P1 -D  #
#                          MT_TASK -D MT_SYS_FUNC -D MT_ZDO_FUNC -D           #
#                          LCD_SUPPORTED=DEBUG -lC H:\zigbeesrc\8.ÎŞÏß´«¸ĞÆ÷Í #
#                          øÂç£¨×Ô×éÍøÓëÊı¾İ´«Êä£©\8.ÎŞÏß´«¸ĞÆ÷ÍøÂç£¨×Ô×éÍøÓë #
#                          Êı¾İ´«Êä£©\Projects\zstack\Samples\ÎŞÏß´«¸ĞÆ÷ÍøÂç£ #
#                          ¨×Ô×éÍø£©\CC2530DB\EndDeviceEB-Pro\List\ -lA       #
#                          H:\zigbeesrc\8.ÎŞÏß´«¸ĞÆ÷ÍøÂç£¨×Ô×éÍøÓëÊı¾İ´«Êä£©\ #
#                          8.ÎŞÏß´«¸ĞÆ÷ÍøÂç£¨×Ô×éÍøÓëÊı¾İ´«Êä£©\Projects\zsta #
#                          ck\Samples\ÎŞÏß´«¸ĞÆ÷ÍøÂç£¨×Ô×éÍø£©\CC2530DB\EndDe #
#                          viceEB-Pro\List\ --diag_suppress Pe001,Pa010 -o    #
#                          H:\zigbeesrc\8.ÎŞÏß´«¸ĞÆ÷ÍøÂç£¨×Ô×éÍøÓëÊı¾İ´«Êä£©\ #
#                          8.ÎŞÏß´«¸ĞÆ÷ÍøÂç£¨×Ô×éÍøÓëÊı¾İ´«Êä£©\Projects\zsta #
#                          ck\Samples\ÎŞÏß´«¸ĞÆ÷ÍøÂç£¨×Ô×éÍø£©\CC2530DB\EndDe #
#                          viceEB-Pro\Obj\ -e --debug --core=plain            #
#                          --dptr=16,1 --data_model=large                     #
#                          --code_model=banked --calling_convention=xdata_ree #
#                          ntrant --place_constants=data_rom                  #
#                          --nr_virtual_regs 16 -I H:\zigbeesrc\8.ÎŞÏß´«¸ĞÆ÷Í #
#                          øÂç£¨×Ô×éÍøÓëÊı¾İ´«Êä£©\8.ÎŞÏß´«¸ĞÆ÷ÍøÂç£¨×Ô×éÍøÓë #
#                          Êı¾İ´«Êä£©\Projects\zstack\Samples\ÎŞÏß´«¸ĞÆ÷ÍøÂç£ #
#                          ¨×Ô×éÍø£©\CC2530DB\ -I H:\zigbeesrc\8.ÎŞÏß´«¸ĞÆ÷Íø #
#                          Âç£¨×Ô×éÍøÓëÊı¾İ´«Êä£©\8.ÎŞÏß´«¸ĞÆ÷ÍøÂç£¨×Ô×éÍøÓëÊ #
#                          ı¾İ´«Êä£©\Projects\zstack\Samples\ÎŞÏß´«¸ĞÆ÷ÍøÂç£¨ #
#                          ×Ô×éÍø£©\CC2530DB\..\SOURCE\ -I                    #
#                          H:\zigbeesrc\8.ÎŞÏß´«¸ĞÆ÷ÍøÂç£¨×Ô×éÍøÓëÊı¾İ´«Êä£©\ #
#                          8.ÎŞÏß´«¸ĞÆ÷ÍøÂç£¨×Ô×éÍøÓëÊı¾İ´«Êä£©\Projects\zsta #
#                          ck\Samples\ÎŞÏß´«¸ĞÆ÷ÍøÂç£¨×Ô×éÍø£©\CC2530DB\..\.. #
#                          \..\ZMAIN\TI2530DB\ -I H:\zigbeesrc\8.ÎŞÏß´«¸ĞÆ÷Íø #
#                          Âç£¨×Ô×éÍøÓëÊı¾İ´«Êä£©\8.ÎŞÏß´«¸ĞÆ÷ÍøÂç£¨×Ô×éÍøÓëÊ #
#                          ı¾İ´«Êä£©\Projects\zstack\Samples\ÎŞÏß´«¸ĞÆ÷ÍøÂç£¨ #
#                          ×Ô×éÍø£©\CC2530DB\..\..\..\..\..\COMPONENTS\MT\    #
#                          -I H:\zigbeesrc\8.ÎŞÏß´«¸ĞÆ÷ÍøÂç£¨×Ô×éÍøÓëÊı¾İ´«Êä #
#                          £©\8.ÎŞÏß´«¸ĞÆ÷ÍøÂç£¨×Ô×éÍøÓëÊı¾İ´«Êä£©\Projects\z #
#                          stack\Samples\ÎŞÏß´«¸ĞÆ÷ÍøÂç£¨×Ô×éÍø£©\CC2530DB\.. #
#                          \..\..\..\..\COMPONENTS\HAL\INCLUDE\ -I            #
#                          H:\zigbeesrc\8.ÎŞÏß´«¸ĞÆ÷ÍøÂç£¨×Ô×éÍøÓëÊı¾İ´«Êä£©\ #
#                          8.ÎŞÏß´«¸ĞÆ÷ÍøÂç£¨×Ô×éÍøÓëÊı¾İ´«Êä£©\Projects\zsta #
#                          ck\Samples\ÎŞÏß´«¸ĞÆ÷ÍøÂç£¨×Ô×éÍø£©\CC2530DB\..\.. #
#                          \..\..\..\COMPONENTS\HAL\TARGET\CC2530EB\ -I       #
#                          H:\zigbeesrc\8.ÎŞÏß´«¸ĞÆ÷ÍøÂç£¨×Ô×éÍøÓëÊı¾İ´«Êä£©\ #
#                          8.ÎŞÏß´«¸ĞÆ÷ÍøÂç£¨×Ô×éÍøÓëÊı¾İ´«Êä£©\Projects\zsta #
#                          ck\Samples\ÎŞÏß´«¸ĞÆ÷ÍøÂç£¨×Ô×éÍø£©\CC2530DB\..\.. #
#                          \..\..\..\COMPONENTS\OSAL\MCU\CCSOC\ -I            #
#                          H:\zigbeesrc\8.ÎŞÏß´«¸ĞÆ÷ÍøÂç£¨×Ô×éÍøÓëÊı¾İ´«Êä£©\ #
#                          8.ÎŞÏß´«¸ĞÆ÷ÍøÂç£¨×Ô×éÍøÓëÊı¾İ´«Êä£©\Projects\zsta #
#                          ck\Samples\ÎŞÏß´«¸ĞÆ÷ÍøÂç£¨×Ô×éÍø£©\CC2530DB\..\.. #
#                          \..\..\..\COMPONENTS\OSAL\INCLUDE\ -I              #
#                          H:\zigbeesrc\8.ÎŞÏß´«¸ĞÆ÷ÍøÂç£¨×Ô×éÍøÓëÊı¾İ´«Êä£©\ #
#                          8.ÎŞÏß´«¸ĞÆ÷ÍøÂç£¨×Ô×éÍøÓëÊı¾İ´«Êä£©\Projects\zsta #
#                          ck\Samples\ÎŞÏß´«¸ĞÆ÷ÍøÂç£¨×Ô×éÍø£©\CC2530DB\..\.. #
#                          \..\..\..\COMPONENTS\STACK\AF\ -I                  #
#                          H:\zigbeesrc\8.ÎŞÏß´«¸ĞÆ÷ÍøÂç£¨×Ô×éÍøÓëÊı¾İ´«Êä£©\ #
#                          8.ÎŞÏß´«¸ĞÆ÷ÍøÂç£¨×Ô×éÍøÓëÊı¾İ´«Êä£©\Projects\zsta #
#                          ck\Samples\ÎŞÏß´«¸ĞÆ÷ÍøÂç£¨×Ô×éÍø£©\CC2530DB\..\.. #
#                          \..\..\..\COMPONENTS\STACK\NWK\ -I                 #
#                          H:\zigbeesrc\8.ÎŞÏß´«¸ĞÆ÷ÍøÂç£¨×Ô×éÍøÓëÊı¾İ´«Êä£©\ #
#                          8.ÎŞÏß´«¸ĞÆ÷ÍøÂç£¨×Ô×éÍøÓëÊı¾İ´«Êä£©\Projects\zsta #
#                          ck\Samples\ÎŞÏß´«¸ĞÆ÷ÍøÂç£¨×Ô×éÍø£©\CC2530DB\..\.. #
#                          \..\..\..\COMPONENTS\STACK\SEC\ -I                 #
#                          H:\zigbeesrc\8.ÎŞÏß´«¸ĞÆ÷ÍøÂç£¨×Ô×éÍøÓëÊı¾İ´«Êä£©\ #
#                          8.ÎŞÏß´«¸ĞÆ÷ÍøÂç£¨×Ô×éÍøÓëÊı¾İ´«Êä£©\Projects\zsta #
#                          ck\Samples\ÎŞÏß´«¸ĞÆ÷ÍøÂç£¨×Ô×éÍø£©\CC2530DB\..\.. #
#                          \..\..\..\COMPONENTS\STACK\SAPI\ -I                #
#                          H:\zigbeesrc\8.ÎŞÏß´«¸ĞÆ÷ÍøÂç£¨×Ô×éÍøÓëÊı¾İ´«Êä£©\ #
#                          8.ÎŞÏß´«¸ĞÆ÷ÍøÂç£¨×Ô×éÍøÓëÊı¾İ´«Êä£©\Projects\zsta #
#                          ck\Samples\ÎŞÏß´«¸ĞÆ÷ÍøÂç£¨×Ô×éÍø£©\CC2530DB\..\.. #
#                          \..\..\..\COMPONENTS\STACK\SYS\ -I                 #
#                          H:\zigbeesrc\8.ÎŞÏß´«¸ĞÆ÷ÍøÂç£¨×Ô×éÍøÓëÊı¾İ´«Êä£©\ #
#                          8.ÎŞÏß´«¸ĞÆ÷ÍøÂç£¨×Ô×éÍøÓëÊı¾İ´«Êä£©\Projects\zsta #
#                          ck\Samples\ÎŞÏß´«¸ĞÆ÷ÍøÂç£¨×Ô×éÍø£©\CC2530DB\..\.. #
#                          \..\..\..\COMPONENTS\STACK\ZDO\ -I                 #
#                          H:\zigbeesrc\8.ÎŞÏß´«¸ĞÆ÷ÍøÂç£¨×Ô×éÍøÓëÊı¾İ´«Êä£©\ #
#                          8.ÎŞÏß´«¸ĞÆ÷ÍøÂç£¨×Ô×éÍøÓëÊı¾İ´«Êä£©\Projects\zsta #
#                          ck\Samples\ÎŞÏß´«¸ĞÆ÷ÍøÂç£¨×Ô×éÍø£©\CC2530DB\..\.. #
#                          \..\..\..\COMPONENTS\ZMAC\F8W\ -I                  #
#                          H:\zigbeesrc\8.ÎŞÏß´«¸ĞÆ÷ÍøÂç£¨×Ô×éÍøÓëÊı¾İ´«Êä£©\ #
#                          8.ÎŞÏß´«¸ĞÆ÷ÍøÂç£¨×Ô×éÍøÓëÊı¾İ´«Êä£©\Projects\zsta #
#                          ck\Samples\ÎŞÏß´«¸ĞÆ÷ÍøÂç£¨×Ô×éÍø£©\CC2530DB\..\.. #
#                          \..\..\..\COMPONENTS\ZMAC\ -I                      #
#                          H:\zigbeesrc\8.ÎŞÏß´«¸ĞÆ÷ÍøÂç£¨×Ô×éÍøÓëÊı¾İ´«Êä£©\ #
#                          8.ÎŞÏß´«¸ĞÆ÷ÍøÂç£¨×Ô×éÍøÓëÊı¾İ´«Êä£©\Projects\zsta #
#                          ck\Samples\ÎŞÏß´«¸ĞÆ÷ÍøÂç£¨×Ô×éÍø£©\CC2530DB\..\.. #
#                          \..\..\..\COMPONENTS\SERVICES\SADDR\ -I            #
#                          H:\zigbeesrc\8.ÎŞÏß´«¸ĞÆ÷ÍøÂç£¨×Ô×éÍøÓëÊı¾İ´«Êä£©\ #
#                          8.ÎŞÏß´«¸ĞÆ÷ÍøÂç£¨×Ô×éÍøÓëÊı¾İ´«Êä£©\Projects\zsta #
#                          ck\Samples\ÎŞÏß´«¸ĞÆ÷ÍøÂç£¨×Ô×éÍø£©\CC2530DB\..\.. #
#                          \..\..\..\COMPONENTS\SERVICES\SDATA\ -I            #
#                          H:\zigbeesrc\8.ÎŞÏß´«¸ĞÆ÷ÍøÂç£¨×Ô×éÍøÓëÊı¾İ´«Êä£©\ #
#                          8.ÎŞÏß´«¸ĞÆ÷ÍøÂç£¨×Ô×éÍøÓëÊı¾İ´«Êä£©\Projects\zsta #
#                          ck\Samples\ÎŞÏß´«¸ĞÆ÷ÍøÂç£¨×Ô×éÍø£©\CC2530DB\..\.. #
#                          \..\..\..\COMPONENTS\MAC\INCLUDE\ -I               #
#                          H:\zigbeesrc\8.ÎŞÏß´«¸ĞÆ÷ÍøÂç£¨×Ô×éÍøÓëÊı¾İ´«Êä£©\ #
#                          8.ÎŞÏß´«¸ĞÆ÷ÍøÂç£¨×Ô×éÍøÓëÊı¾İ´«Êä£©\Projects\zsta #
#                          ck\Samples\ÎŞÏß´«¸ĞÆ÷ÍøÂç£¨×Ô×éÍø£©\CC2530DB\..\.. #
#                          \..\..\..\COMPONENTS\MAC\HIGH_LEVEL\ -I            #
#                          H:\zigbeesrc\8.ÎŞÏß´«¸ĞÆ÷ÍøÂç£¨×Ô×éÍøÓëÊı¾İ´«Êä£©\ #
#                          8.ÎŞÏß´«¸ĞÆ÷ÍøÂç£¨×Ô×éÍøÓëÊı¾İ´«Êä£©\Projects\zsta #
#                          ck\Samples\ÎŞÏß´«¸ĞÆ÷ÍøÂç£¨×Ô×éÍø£©\CC2530DB\..\.. #
#                          \..\..\..\COMPONENTS\MAC\LOW_LEVEL\srf04\ -I       #
#                          H:\zigbeesrc\8.ÎŞÏß´«¸ĞÆ÷ÍøÂç£¨×Ô×éÍøÓëÊı¾İ´«Êä£©\ #
#                          8.ÎŞÏß´«¸ĞÆ÷ÍøÂç£¨×Ô×éÍøÓëÊı¾İ´«Êä£©\Projects\zsta #
#                          ck\Samples\ÎŞÏß´«¸ĞÆ÷ÍøÂç£¨×Ô×éÍø£©\CC2530DB\..\.. #
#                          \..\..\..\COMPONENTS\MAC\LOW_LEVEL\srf04\SINGLE_CH #
#                          IP\ -Ohz                                           #
#    List file          =  H:\zigbeesrc\8.ÎŞÏß´«¸ĞÆ÷ÍøÂç£¨×Ô×éÍøÓëÊı¾İ´«Êä£©\ #
#                          8.ÎŞÏß´«¸ĞÆ÷ÍøÂç£¨×Ô×éÍøÓëÊı¾İ´«Êä£©\Projects\zsta #
#                          ck\Samples\ÎŞÏß´«¸ĞÆ÷ÍøÂç£¨×Ô×éÍø£©\CC2530DB\EndDe #
#                          viceEB-Pro\List\AD_sample.lst                      #
#    Object file        =  H:\zigbeesrc\8.ÎŞÏß´«¸ĞÆ÷ÍøÂç£¨×Ô×éÍøÓëÊı¾İ´«Êä£©\ #
#                          8.ÎŞÏß´«¸ĞÆ÷ÍøÂç£¨×Ô×éÍøÓëÊı¾İ´«Êä£©\Projects\zsta #
#                          ck\Samples\ÎŞÏß´«¸ĞÆ÷ÍøÂç£¨×Ô×éÍø£©\CC2530DB\EndDe #
#                          viceEB-Pro\Obj\AD_sample.r51                       #
#                                                                             #
#                                                                             #
###############################################################################

H:\zigbeesrc\8.ÎŞÏß´«¸ĞÆ÷ÍøÂç£¨×Ô×éÍøÓëÊı¾İ´«Êä£©\8.ÎŞÏß´«¸ĞÆ÷ÍøÂç£¨×Ô×éÍøÓëÊı¾İ´«Êä£©\Projects\zstack\Samples\ÎŞÏß´«¸ĞÆ÷ÍøÂç£¨×Ô×éÍø£©\Source\AD_sample.c
      1          
      2          
      3          #include "DS18B20.h"

   \                                 In  segment SFR_AN, at 0x80
   \   union <unnamed> volatile __sfr _A_P0
   \                     _A_P0:
   \   000000                DS 1

   \                                 In  segment SFR_AN, at 0x89
   \   unsigned char volatile __sfr P0IFG
   \                     P0IFG:
   \   000000                DS 1

   \                                 In  segment SFR_AN, at 0x8c
   \   unsigned char volatile __sfr PICTL
   \                     PICTL:
   \   000000                DS 1

   \                                 In  segment SFR_AN, at 0x90
   \   union <unnamed> volatile __sfr _A_P1
   \                     _A_P1:
   \   000000                DS 1

   \                                 In  segment SFR_AN, at 0xa8
   \   union <unnamed> volatile __sfr _A_IEN0
   \                     _A_IEN0:
   \   000000                DS 1

   \                                 In  segment SFR_AN, at 0xab
   \   unsigned char volatile __sfr P0IEN
   \                     P0IEN:
   \   000000                DS 1

   \                                 In  segment SFR_AN, at 0xb8
   \   union <unnamed> volatile __sfr _A_IEN1
   \                     _A_IEN1:
   \   000000                DS 1

   \                                 In  segment SFR_AN, at 0xc0
   \   union <unnamed> volatile __sfr _A_IRCON
   \                     _A_IRCON:
   \   000000                DS 1

   \                                 In  segment SFR_AN, at 0xfd
   \   unsigned char volatile __sfr P0DIR
   \                     P0DIR:
   \   000000                DS 1

   \                                 In  segment SFR_AN, at 0xfe
   \   unsigned char volatile __sfr P1DIR
   \                     P1DIR:
   \   000000                DS 1

   \                                 In  segment XDATA_Z, align 1, keep-with-next
   \   static char sound
   \                     sound:
   \   000000                DS 1
   \   000001                REQUIRE __INIT_XDATA_Z

   \                                 In  segment XDATA_Z, align 1, keep-with-next
   \   static char vibrat
   \                     vibrat:
   \   000000                DS 1
   \   000001                REQUIRE __INIT_XDATA_Z

   \                                 In  segment XDATA_Z, align 1, keep-with-next
   \   static char infra
   \                     infra:
   \   000000                DS 1
   \   000001                REQUIRE __INIT_XDATA_Z
      4          
      5          
      6          
      7          

   \                                 In  segment XDATA_Z, align 1, keep-with-next
      8          unsigned int  M_wendu=0;
   \                     M_wendu:
   \   000000                DS 2
   \   000002                REQUIRE __INIT_XDATA_Z

   \                                 In  segment XDATA_Z, align 1, keep-with-next
      9          float temperture=0;
   \                     temperture:
   \   000000                DS 4
   \   000004                REQUIRE __INIT_XDATA_Z
     10          
     11          
     12          
     13          /**************************
     14          ¶ÁÈ¡ÎÂ¶Èº¯Êı
     15          **************************/ 

   \                                 In  segment BANKED_CODE, align 1, keep-with-next
     16          void IO_initial()
   \                     IO_initial:
     17          { 
   \   000000                ; Saved register size: 0
   \   000000                ; Auto size: 0
     18            P0DIR |= 0xff;     //P0 ÎªÊä³ö
   \   000000   75FDFF       MOV     0xfd,#-0x1
     19            P1DIR |= 0xff;     //P1 ÎªÊä³ö  
   \   000003   75FEFF       MOV     0xfe,#-0x1
     20          //  P1SEL &= 0xfd;
     21            /*
     22            P1=0x0f;
     23            
     24            
     25            P1IEN |= 0X02;  // P11 ÉèÖÃÎªÖĞ¶Ï·½Ê½ 
     26            PICTL &=~ 0X02; // ÏÂ½µÑØ´¥·¢   
     27            IEN2 |= 0Xff;   // ÔÊĞíP1¿ÚÖĞ¶Ï;
     28            P1   |= 0X0f;
     29            P1IFG = 0x00;   // ³õÊ¼»¯ÖĞ¶Ï±êÖ¾Î»
     30            EA = 1; 
     31           */
     32            
     33          }
   \   000006   02....       LJMP    ?BRET
   \   000009                REQUIRE P0DIR
   \   000009                REQUIRE P1DIR
     34          

   \                                 In  segment BANKED_CODE, align 1, keep-with-next
     35          void int_init(void)
   \                     int_init:
     36          {
   \   000000                ; Saved register size: 0
   \   000000                ; Auto size: 0
     37             
     38            P0IEN |= 0X15;   
   \   000000   43AB15       ORL     0xab,#0x15
     39            PICTL &=~ 0X01; 
   \   000003   538CFE       ANL     0x8c,#0xfe
     40            IEN1 |= 0X20;   
   \   000006   D2BD         SETB    0xb8.5
     41           // P1   |= 0X0f;
     42            P0IFG = 0x00;   
   \   000008   758900       MOV     0x89,#0x0
     43            EA = 1; 
   \   00000B   D2AF         SETB    0xa8.7
     44          }
   \   00000D   02....       LJMP    ?BRET
   \   000010                REQUIRE P0IEN
   \   000010                REQUIRE PICTL
   \   000010                REQUIRE _A_IEN1
   \   000010                REQUIRE P0IFG
   \   000010                REQUIRE _A_IEN0
     45          
     46          

   \                                 In  segment BANKED_CODE, align 1, keep-with-next
     47          unsigned int read_data1(unsigned char *buffer )
   \                     read_data1:
     48          {
   \   000000   74F6         MOV     A,#-0xa
   \   000002   12....       LCALL   ?BANKED_ENTER_XDATA
   \   000005                ; Saved register size: 10
   \   000005                ; Auto size: 0
     49            unsigned char temh,teml; 
     50            unsigned int wendu;
     51            
     52            init_1820();  //¸´Î»18b20  
   \   000005                ; Setup parameters for call to function init_1820
   \   000005   12....       LCALL   ?Subroutine1 & 0xFFFF
     53          //  Match_DS18B20(temp) ; // 
     54            write_1820(0xcc); 
     55            write_1820(0x44); 
   \                     ??CrossCallReturnLabel_0:
   \   000008                ; Setup parameters for call to function write_1820
   \   000008   7944         MOV     R1,#0x44
   \   00000A   12....       LCALL   ??write_1820?relay
     56            Delay_nus(50000);
   \   00000D                ; Setup parameters for call to function Delay_nus
   \   00000D   7A50         MOV     R2,#0x50
   \   00000F   7BC3         MOV     R3,#-0x3d
   \   000011   12....       LCALL   ??Delay_nus?relay
     57            init_1820();  
   \   000014                ; Setup parameters for call to function init_1820
   \   000014   12....       LCALL   ?Subroutine1 & 0xFFFF
     58            write_1820(0xcc);  
     59            write_1820(0xbe); 
   \                     ??CrossCallReturnLabel_1:
   \   000017                ; Setup parameters for call to function write_1820
   \   000017   79BE         MOV     R1,#-0x42
   \   000019   12....       LCALL   ??write_1820?relay
     60                 
     61            teml=read_1820();  //¶ÁÊı¾İ  
   \   00001C                ; Setup parameters for call to function read_1820
   \   00001C   12....       LCALL   ??read_1820?relay
   \   00001F   E9           MOV     A,R1
   \   000020   F5..         MOV     ?V0 + 0,A
     62            temh=read_1820();
     63            wendu=temh*256+teml;
     64            return(wendu);   //·µ»ØÎÂ¶ÈÊı¾İ
   \   000022                ; Setup parameters for call to function read_1820
   \   000022   12....       LCALL   ??read_1820?relay
   \   000025                REQUIRE ?Subroutine0
   \   000025                ; // Fall through to label ?Subroutine0
     65          }

   \                                 In  segment BANKED_CODE, align 1, keep-with-next
   \                     ?Subroutine0:
   \   000000   AA..         MOV     R2,?V0 + 0
   \   000002   E9           MOV     A,R1
   \   000003   FB           MOV     R3,A
   \   000004   7F02         MOV     R7,#0x2
   \   000006   02....       LJMP    ?BANKED_LEAVE_XDATA

   \                                 In  segment BANKED_CODE, align 1, keep-with-next
   \                     ?Subroutine1:
   \   000000   12....       LCALL   ??init_1820?relay
   \   000003                ; Setup parameters for call to function write_1820
   \   000003                ; Setup parameters for call to function write_1820
   \   000003   79CC         MOV     R1,#-0x34
   \   000005   12....       LCALL   ??write_1820?relay
   \   000008   22           RET

   \                                 In  segment BANKED_CODE, align 1, keep-with-next
     66          unsigned int read_data0(unsigned char *buffer )
   \                     read_data0:
     67          {
   \   000000   74F6         MOV     A,#-0xa
   \   000002   12....       LCALL   ?BANKED_ENTER_XDATA
   \   000005                ; Saved register size: 10
   \   000005                ; Auto size: 0
     68            unsigned char temh,teml; 
     69            unsigned int wendu;
     70            
     71            init0_1820();  //¸´Î»18b20  
   \   000005                ; Setup parameters for call to function init0_1820
   \   000005   12....       LCALL   ?Subroutine2 & 0xFFFF
     72          //  Match_DS18B20(temp) ; // 
     73            write0_1820(0xcc); 
     74            write0_1820(0x44); 
   \                     ??CrossCallReturnLabel_2:
   \   000008                ; Setup parameters for call to function write0_1820
   \   000008   7944         MOV     R1,#0x44
   \   00000A   12....       LCALL   ??write0_1820?relay
     75            Delay_nus(50000);
   \   00000D                ; Setup parameters for call to function Delay_nus
   \   00000D   7A50         MOV     R2,#0x50
   \   00000F   7BC3         MOV     R3,#-0x3d
   \   000011   12....       LCALL   ??Delay_nus?relay
     76            init0_1820();  
   \   000014                ; Setup parameters for call to function init0_1820
   \   000014   12....       LCALL   ?Subroutine2 & 0xFFFF
     77            write0_1820(0xcc);  
     78            write0_1820(0xbe); 
   \                     ??CrossCallReturnLabel_3:
   \   000017                ; Setup parameters for call to function write0_1820
   \   000017   79BE         MOV     R1,#-0x42
   \   000019   12....       LCALL   ??write0_1820?relay
     79                 
     80            teml=read0_1820();  //¶ÁÊı¾İ  
   \   00001C                ; Setup parameters for call to function read0_1820
   \   00001C   12....       LCALL   ??read0_1820?relay
   \   00001F   E9           MOV     A,R1
   \   000020   F5..         MOV     ?V0 + 0,A
     81            temh=read0_1820();
     82            wendu=temh*256+teml;
     83            return(wendu);   //·µ»ØÎÂ¶ÈÊı¾İ
   \   000022                ; Setup parameters for call to function read0_1820
   \   000022   12....       LCALL   ??read0_1820?relay
   \   000025   80..         SJMP    ?Subroutine0
     84          }

   \                                 In  segment BANKED_CODE, align 1, keep-with-next
   \                     ?Subroutine2:
   \   000000   12....       LCALL   ??init0_1820?relay
   \   000003                ; Setup parameters for call to function write0_1820
   \   000003                ; Setup parameters for call to function write0_1820
   \   000003   79CC         MOV     R1,#-0x34
   \   000005   12....       LCALL   ??write0_1820?relay
   \   000008   22           RET
     85          

   \                                 In  segment BANKED_CODE, align 1, keep-with-next
     86          void Delayms(unsigned int xms)   //i=xms ¼´ÑÓÊ±iºÁÃë
   \                     Delayms:
     87          {
   \   000000                ; Saved register size: 0
   \   000000                ; Auto size: 0
     88           unsigned int i,j;
     89           for(i=xms;i>0;i--)
   \   000000   EA           MOV     A,R2
   \   000001   F8           MOV     R0,A
   \   000002   EB           MOV     A,R3
   \   000003   8007         SJMP    ??Delayms_0
     90             for(j=587;j>0;j--);
   \                     ??Delayms_1:
   \   000005   E8           MOV     A,R0
   \   000006   24FF         ADD     A,#-0x1
   \   000008   18           DEC     R0
   \   000009   E9           MOV     A,R1
   \   00000A   34FF         ADDC    A,#-0x1
   \                     ??Delayms_0:
   \   00000C   F9           MOV     R1,A
   \   00000D   E8           MOV     A,R0
   \   00000E   49           ORL     A,R1
   \   00000F   70F4         JNZ     ??Delayms_1
     91          }
   \   000011   02....       LJMP    ?BRET
     92          
     93          #pragma vector = P1INT_VECTOR    //¸ñÊ½£º#pragma vector = ÖĞ¶ÏÏòÁ¿£¬½ô½Ó×ÅÊÇÖĞ¶Ï´¦Àí³ÌĞò

   \                                 In  segment NEAR_CODE, align 1, keep-with-next
     94            __interrupt void P1_ISR(void) 
   \                     P1_ISR:
     95           { 
   \   000000   C0E0         PUSH    A
   \   000002   74F2         MOV     A,#-0xe
   \   000004   12....       LCALL   ?INTERRUPT_ENTER_XSP
   \   000007                ; Saved register size: 14
   \   000007                ; Auto size: 0
     96           // Delayms(10);            //È¥³ı¶¶¶¯
     97            Yellow_LED=~Yellow_LED;    //¸Ä±äLED1×´Ì¬
   \   000007   D2F0         SETB    B.0
   \   000009   A295         MOV     C,0x90.5
   \   00000B   30F001       JNB     B.0,??P1_ISR_0
   \   00000E   B3           CPL     C
   \                     ??P1_ISR_0:
   \   00000F   9295         MOV     0x90.5,C
     98            Delayms(10);  
   \   000011                ; Setup parameters for call to function Delayms
   \   000011   7A0A         MOV     R2,#0xa
   \   000013   7B00         MOV     R3,#0x0
   \   000015   12....       LCALL   ??Delayms?relay
     99            if(SoundSensor){
   \   000018   A280         MOV     C,0x80.0
   \   00001A   5006         JNC     ??P1_ISR_1
    100           //   SoundSensor = 0;
    101              sound = 1;
   \   00001C   90....       MOV     DPTR,#sound
   \   00001F   7401         MOV     A,#0x1
   \   000021   F0           MOVX    @DPTR,A
    102            }
    103            if(VibrationSensor){
   \                     ??P1_ISR_1:
   \   000022   A282         MOV     C,0x80.2
   \   000024   5006         JNC     ??P1_ISR_2
    104           //   VibrationSensor = 0;
    105              vibrat = 1;
   \   000026   90....       MOV     DPTR,#vibrat
   \   000029   7401         MOV     A,#0x1
   \   00002B   F0           MOVX    @DPTR,A
    106            }
    107            if(InfraredSensor){
   \                     ??P1_ISR_2:
   \   00002C   A284         MOV     C,0x80.4
   \   00002E   5006         JNC     ??P1_ISR_3
    108              infra = 1;
   \   000030   90....       MOV     DPTR,#infra
   \   000033   7401         MOV     A,#0x1
   \   000035   F0           MOVX    @DPTR,A
    109              }
    110            P0IFG = 0;             //ÇåÖĞ¶Ï±êÖ¾ 
   \                     ??P1_ISR_3:
   \   000036   758900       MOV     0x89,#0x0
    111            P0IF = 0;              //ÇåÖĞ¶Ï±êÖ¾ 
   \   000039   C2C5         CLR     0xc0.5
    112            Delayms(10); 
   \   00003B                ; Setup parameters for call to function Delayms
   \   00003B   7A0A         MOV     R2,#0xa
   \   00003D   7B00         MOV     R3,#0x0
   \   00003F   12....       LCALL   ??Delayms?relay
    113           } 
   \   000042   7F01         MOV     R7,#0x1
   \   000044   02....       LJMP    ?INTERRUPT_LEAVE_XSP
   \   000047                REQUIRE _A_P1
   \   000047                REQUIRE _A_P0
   \   000047                REQUIRE P0IFG
   \   000047                REQUIRE _A_IRCON

   \                                 In  segment INTVEC, offset 0x7b, root
   \                     `??P1_ISR??INTVEC 123`:
   \   00007B   02....       LJMP       (P1_ISR)

   \                                 In  segment BANK_RELAYS, align 1
   \                     ??IO_initial?relay:
   \   000000   12....       LCALL   ?BDISPATCH
   \   000003   ......       DC24    IO_initial

   \                                 In  segment BANK_RELAYS, align 1
   \                     ??int_init?relay:
   \   000000   12....       LCALL   ?BDISPATCH
   \   000003   ......       DC24    int_init

   \                                 In  segment BANK_RELAYS, align 1
   \                     ??read_data1?relay:
   \   000000   12....       LCALL   ?BDISPATCH
   \   000003   ......       DC24    read_data1

   \                                 In  segment BANK_RELAYS, align 1
   \                     ??read_data0?relay:
   \   000000   12....       LCALL   ?BDISPATCH
   \   000003   ......       DC24    read_data0

   \                                 In  segment BANK_RELAYS, align 1
   \                     ??Delayms?relay:
   \   000000   12....       LCALL   ?BDISPATCH
   \   000003   ......       DC24    Delayms

   Maximum stack usage in bytes:

     Function         ISTACK PSTACK XSTACK
     --------         ------ ------ ------
     Delayms              0      0     14
     IO_initial           0      0      0
     P1_ISR               0      0     14
       -> Delayms         0      0     28
       -> Delayms         0      0     28
     int_init             0      0      0
     read_data0           0      0     10
       -> init0_1820      0      0     20
       -> write0_1820     0      0     20
       -> write0_1820     0      0     20
       -> Delay_nus       0      0     20
       -> init0_1820      0      0     20
       -> write0_1820     0      0     20
       -> write0_1820     0      0     20
       -> read0_1820      0      0     20
       -> read0_1820      0      0     20
     read_data1           0      0     10
       -> init_1820       0      0     20
       -> write_1820      0      0     20
       -> write_1820      0      0     20
       -> Delay_nus       0      0     20
       -> init_1820       0      0     20
       -> write_1820      0      0     20
       -> write_1820      0      0     20
       -> read_1820       0      0     20
       -> read_1820       0      0     20


   Segment part sizes:

     Function/Label       Bytes
     --------------       -----
     _A_P0                   1
     P0IFG                   1
     PICTL                   1
     _A_P1                   1
     _A_IEN0                 1
     P0IEN                   1
     _A_IEN1                 1
     _A_IRCON                1
     P0DIR                   1
     P1DIR                   1
     sound                   1
     vibrat                  1
     infra                   1
     M_wendu                 2
     temperture              4
     IO_initial              9
     int_init               16
     read_data1             37
     ?Subroutine0            9
     ?Subroutine1            9
     read_data0             39
     ?Subroutine2            9
     Delayms                20
     P1_ISR                 71
     ??P1_ISR??INTVEC 123    3
     ??IO_initial?relay      6
     ??int_init?relay        6
     ??read_data1?relay      6
     ??read_data0?relay      6
     ??Delayms?relay         6

 
 148 bytes in segment BANKED_CODE
  30 bytes in segment BANK_RELAYS
   3 bytes in segment INTVEC
  71 bytes in segment NEAR_CODE
  10 bytes in segment SFR_AN
   9 bytes in segment XDATA_Z
 
 249 bytes of CODE  memory (+  3 bytes shared)
   0 bytes of DATA  memory (+ 10 bytes shared)
   9 bytes of XDATA memory

Errors: none
Warnings: none
